// Jest Snapshot v1, https://goo.gl/fbAQLP

exports[`test App 1`] = `[Function]`;
